// Jest Snapshot v1, https://goo.gl/fbAQLP

exports[`ContactMeComponent should match snapshot 1`] = `ContactMeComponent {}`;
