// Jest Snapshot v1, https://goo.gl/fbAQLP

exports[`ExperiencePresentationComponent should match snapshot 1`] = `
ExperiencePresentationComponent {
  "experience": Object {
    "company": "",
    "description": "",
    "imgUrl": "",
    "position": "",
    "startDate": 1970-01-01T00:00:00.000Z,
    "technologies": Array [],
    "title": "",
  },
}
`;
